Loading BAliBASE pairwise references...
  RV30: loaded 76370 pairwise references from 30 files
  RV12: loaded 2335 pairwise references from 44 files
  RV20: loaded 50062 pairwise references from 41 files
  RV11: loaded 943 pairwise references from 38 files
  RV40: loaded 23445 pairwise references from 49 files
  RV50: loaded 7538 pairwise references from 16 files
Building train examples...
  Skipped 32421 pairs exceeding max_seq_length=500
  Train: 97289 pairs
Building eval examples...
  Skipped 16666 pairs exceeding max_seq_length=500
  Eval: 14317 pairs
Resumed from episode 6528

Starting training: 50000 episodes, batch_size=32
Train: 97289 pairs, Eval: 14317 pairs
Action dim: 6 (3 regions x 2)

[Ep   6848] R=0.6776 SP=0.6776 TC=0.6776 loss=-0.3079 ent=8.50 go=[10.4 13.9  9.7] ge=[2.7 2.8 2.2] (1.1s)
[Ep   7168] R=0.6544 SP=0.6544 TC=0.6544 loss=-0.0582 ent=8.50 go=[10.9 14.1 10.3] ge=[2.4 2.4 2. ] (1.2s)
[Ep   7488] R=0.7164 SP=0.7164 TC=0.7164 loss=0.0670 ent=8.49 go=[12.7 13.8 10.6] ge=[2.5 2.5 2.4] (1.3s)
[Ep   7808] R=0.6002 SP=0.6002 TC=0.6002 loss=-0.2553 ent=8.49 go=[12.5 13.1 10.6] ge=[2.7 2.5 2.1] (1.4s)
  [EVAL] R=0.5830+/-0.3105 SP=0.5830 TC=0.5830 (14317 pairs, 341.9s)
[Ep   8128] R=0.6562 SP=0.6562 TC=0.6562 loss=-0.3410 ent=8.49 go=[13.5 13.5 10.4] ge=[2.3 2.2 2.5] (1.3s)
[Ep   8448] R=0.6115 SP=0.6115 TC=0.6115 loss=-0.2049 ent=8.49 go=[11.7 15.1 10.9] ge=[2.3 2.6 2.6] (1.3s)
[Ep   8768] R=0.6320 SP=0.6320 TC=0.6320 loss=-0.6363 ent=8.49 go=[12.6 14.2 10.5] ge=[2.4 2.5 2.9] (1.5s)
[Ep   9088] R=0.6841 SP=0.6841 TC=0.6841 loss=-0.3324 ent=8.49 go=[13.5 15.2 12.1] ge=[2.3 3.  2.2] (1.7s)
[Ep   9408] R=0.6756 SP=0.6756 TC=0.6756 loss=0.1648 ent=8.49 go=[12.2 16.4 11.2] ge=[2.5 2.4 2.4] (1.4s)
[Ep   9728] R=0.5883 SP=0.5883 TC=0.5883 loss=-0.1126 ent=8.49 go=[12.9 14.2 11.3] ge=[2.3 3.  2.3] (1.3s)
  [EVAL] R=0.5898+/-0.3108 SP=0.5898 TC=0.5898 (14317 pairs, 360.2s)
[Ep  10048] R=0.6800 SP=0.6800 TC=0.6800 loss=0.1044 ent=8.49 go=[12.6 15.5 11. ] ge=[2.  2.5 2.3] (1.5s)
[Ep  10368] R=0.6038 SP=0.6038 TC=0.6038 loss=0.0131 ent=8.49 go=[13.3 15.5 12. ] ge=[2.6 2.6 2.2] (1.2s)
[Ep  10688] R=0.7628 SP=0.7628 TC=0.7628 loss=-0.3883 ent=8.49 go=[13.  15.8 10.7] ge=[2.3 2.3 2.3] (1.5s)
[Ep  11008] R=0.6301 SP=0.6301 TC=0.6301 loss=-0.3707 ent=8.49 go=[13.  15.8 12.4] ge=[2.2 2.7 2.4] (1.5s)
[Ep  11328] R=0.6587 SP=0.6587 TC=0.6587 loss=0.1206 ent=8.49 go=[13.6 15.  13.8] ge=[2.2 2.6 2.1] (1.3s)
[Ep  11648] R=0.7329 SP=0.7329 TC=0.7329 loss=0.1370 ent=8.49 go=[13.8 16.6 11.8] ge=[1.9 2.2 2.2] (1.6s)
[Ep  11968] R=0.5507 SP=0.5507 TC=0.5507 loss=0.3106 ent=8.49 go=[14.5 15.9 12.3] ge=[2.1 2.2 2.3] (1.2s)
  [EVAL] R=0.5949+/-0.3100 SP=0.5949 TC=0.5949 (14317 pairs, 344.9s)
[Ep  12288] R=0.7686 SP=0.7686 TC=0.7686 loss=-0.1081 ent=8.49 go=[14.1 16.6 12.7] ge=[1.8 2.9 2.2] (1.4s)
[Ep  12608] R=0.6428 SP=0.6428 TC=0.6428 loss=-0.0568 ent=8.49 go=[14.7 16.2 11.5] ge=[2.  2.4 2.6] (1.2s)
[Ep  12928] R=0.6771 SP=0.6771 TC=0.6771 loss=-0.1727 ent=8.49 go=[14.9 15.5 11.7] ge=[2.3 2.7 2.4] (1.3s)
[Ep  13248] R=0.6347 SP=0.6347 TC=0.6347 loss=0.0429 ent=8.49 go=[15.7 15.6 12.9] ge=[2.3 2.5 2.2] (1.2s)
[Ep  13568] R=0.7274 SP=0.7274 TC=0.7274 loss=-0.0326 ent=8.50 go=[13.8 16.3 12.4] ge=[2.5 2.5 2.4] (1.9s)
[Ep  13888] R=0.6897 SP=0.6897 TC=0.6897 loss=-0.0795 ent=8.49 go=[14.2 16.5 12.6] ge=[2.2 2.6 2.2] (1.4s)
  [EVAL] R=0.5962+/-0.3097 SP=0.5962 TC=0.5962 (14317 pairs, 359.4s)
[Ep  14208] R=0.8120 SP=0.8120 TC=0.8120 loss=-0.1624 ent=8.50 go=[14.8 15.  11.9] ge=[2.1 2.6 2.1] (1.3s)
[Ep  14528] R=0.6520 SP=0.6520 TC=0.6520 loss=-0.1799 ent=8.50 go=[14.1 16.3 11. ] ge=[2.1 2.7 2.5] (1.6s)
[Ep  14848] R=0.6260 SP=0.6260 TC=0.6260 loss=-0.2127 ent=8.50 go=[15.5 16.4 11.8] ge=[2.4 2.7 2.3] (1.2s)
[Ep  15168] R=0.6136 SP=0.6136 TC=0.6136 loss=-0.1594 ent=8.49 go=[15.2 16.5 12.4] ge=[2.4 2.7 2.1] (1.4s)
[Ep  15488] R=0.6515 SP=0.6515 TC=0.6515 loss=0.2514 ent=8.49 go=[15.4 17.3 12.3] ge=[2.1 2.4 1.9] (1.5s)
[Ep  15808] R=0.5942 SP=0.5942 TC=0.5942 loss=-0.5270 ent=8.50 go=[15.2 15.7 12. ] ge=[2.1 2.2 2.1] (1.3s)
  [EVAL] R=0.5997+/-0.3081 SP=0.5997 TC=0.5997 (14317 pairs, 358.2s)
[Ep  16128] R=0.6443 SP=0.6443 TC=0.6443 loss=-0.3778 ent=8.50 go=[15.8 15.7 12.4] ge=[2.  2.4 2.1] (1.4s)
[Ep  16448] R=0.6892 SP=0.6892 TC=0.6892 loss=-0.4520 ent=8.50 go=[16.6 17.1 12.5] ge=[2.  2.1 2. ] (1.3s)
[Ep  16768] R=0.6402 SP=0.6402 TC=0.6402 loss=-0.1441 ent=8.50 go=[15.7 16.7 13.2] ge=[1.9 2.3 2. ] (1.3s)
[Ep  17088] R=0.6573 SP=0.6573 TC=0.6573 loss=-0.0235 ent=8.50 go=[17.1 17.3 11.4] ge=[1.8 2.2 2. ] (1.5s)
[Ep  17408] R=0.6797 SP=0.6797 TC=0.6797 loss=0.0674 ent=8.50 go=[17.  17.4 13. ] ge=[2.  2.  2.3] (1.1s)
[Ep  17728] R=0.6170 SP=0.6170 TC=0.6170 loss=-0.0552 ent=8.50 go=[16.2 17.3 13.4] ge=[1.9 2.2 2.2] (1.3s)
  [EVAL] R=0.6039+/-0.3062 SP=0.6039 TC=0.6039 (14317 pairs, 340.3s)
[Ep  18048] R=0.6143 SP=0.6143 TC=0.6143 loss=0.4727 ent=8.50 go=[15.7 17.6 13.1] ge=[2.  2.3 1.7] (1.4s)
[Ep  18368] R=0.6626 SP=0.6626 TC=0.6626 loss=-0.0609 ent=8.50 go=[16.6 17.5 13.3] ge=[2.  2.3 1.8] (1.4s)
[Ep  18688] R=0.6717 SP=0.6717 TC=0.6717 loss=-0.2011 ent=8.51 go=[16.4 16.5 12.3] ge=[1.9 1.7 1.8] (1.4s)
[Ep  19008] R=0.6573 SP=0.6573 TC=0.6573 loss=0.0868 ent=8.51 go=[16.7 17.8 13.3] ge=[2.3 1.9 1.6] (1.2s)
[Ep  19328] R=0.7430 SP=0.7430 TC=0.7430 loss=0.0340 ent=8.51 go=[17.5 16.1 12.5] ge=[1.7 2.5 2.1] (2.1s)
[Ep  19648] R=0.7020 SP=0.7020 TC=0.7020 loss=-0.1468 ent=8.51 go=[16.4 17.1 11.9] ge=[2.1 2.6 1.7] (2.3s)
[Ep  19968] R=0.7175 SP=0.7175 TC=0.7175 loss=0.0977 ent=8.51 go=[16.5 16.6 12.5] ge=[1.9 2.2 1.7] (1.2s)
  [EVAL] R=0.6039+/-0.3065 SP=0.6039 TC=0.6039 (14317 pairs, 360.8s)
[Ep  20288] R=0.6566 SP=0.6566 TC=0.6566 loss=-0.2767 ent=8.51 go=[16.8 16.4 13. ] ge=[1.9 2.2 1.8] (1.4s)
[Ep  20608] R=0.6299 SP=0.6299 TC=0.6299 loss=-0.0465 ent=8.51 go=[15.7 16.  13.6] ge=[1.9 2.2 1.4] (1.3s)
[Ep  20928] R=0.6639 SP=0.6639 TC=0.6639 loss=0.1976 ent=8.50 go=[16.7 16.5 11.6] ge=[2.2 2.  1.5] (1.3s)
[Ep  21248] R=0.6688 SP=0.6688 TC=0.6688 loss=-0.5810 ent=8.50 go=[17.5 15.5 13.2] ge=[1.7 2.1 1.6] (1.4s)
[Ep  21568] R=0.6923 SP=0.6923 TC=0.6923 loss=-0.5200 ent=8.50 go=[17.2 15.1 12.6] ge=[1.7 2.3 1.6] (1.3s)
[Ep  21888] R=0.6073 SP=0.6073 TC=0.6073 loss=-0.1278 ent=8.50 go=[16.5 16.2 12.6] ge=[1.6 2.  1.8] (2.0s)
  [EVAL] R=0.6044+/-0.3062 SP=0.6044 TC=0.6044 (14317 pairs, 357.6s)
[Ep  22208] R=0.6789 SP=0.6789 TC=0.6789 loss=-0.4062 ent=8.50 go=[16.4 16.8 14. ] ge=[1.7 1.9 1.5] (1.5s)
[Ep  22528] R=0.7239 SP=0.7239 TC=0.7239 loss=0.2004 ent=8.50 go=[17.5 16.5 13.3] ge=[1.8 2.  1.3] (1.1s)
[Ep  22848] R=0.6813 SP=0.6813 TC=0.6813 loss=-0.5431 ent=8.50 go=[16.5 17.3 13.2] ge=[1.7 2.1 1.6] (1.4s)
[Ep  23168] R=0.7118 SP=0.7118 TC=0.7118 loss=-0.2475 ent=8.50 go=[17.5 16.8 13.2] ge=[1.7 2.2 1.4] (2.2s)
[Ep  23488] R=0.6500 SP=0.6500 TC=0.6500 loss=-0.4770 ent=8.49 go=[17.3 16.1 14.3] ge=[1.6 1.9 1.5] (1.7s)
[Ep  23808] R=0.6813 SP=0.6813 TC=0.6813 loss=0.1628 ent=8.49 go=[16.9 16.7 13. ] ge=[1.6 1.9 1.4] (1.9s)
  [EVAL] R=0.6054+/-0.3056 SP=0.6054 TC=0.6054 (14317 pairs, 477.5s)
[Ep  24128] R=0.7379 SP=0.7379 TC=0.7379 loss=0.1306 ent=8.49 go=[17.1 15.7 11.3] ge=[1.8 2.  1.3] (2.2s)
[Ep  24448] R=0.5750 SP=0.5750 TC=0.5750 loss=0.0892 ent=8.49 go=[17.3 16.6 13.5] ge=[1.8 1.9 1.2] (1.5s)
[Ep  24768] R=0.7098 SP=0.7098 TC=0.7098 loss=-0.0755 ent=8.49 go=[17.8 16.6 14.2] ge=[1.3 1.8 1.4] (2.4s)
[Ep  25088] R=0.6981 SP=0.6981 TC=0.6981 loss=-0.2141 ent=8.49 go=[16.8 15.9 12.9] ge=[1.4 2.2 1. ] (1.6s)
[Ep  25408] R=0.6927 SP=0.6927 TC=0.6927 loss=0.1283 ent=8.49 go=[16.9 15.8 14.1] ge=[1.7 1.8 1.2] (1.8s)
[Ep  25728] R=0.6320 SP=0.6320 TC=0.6320 loss=-0.4765 ent=8.49 go=[16.4 16.4 14. ] ge=[1.8 2.1 1.3] (2.4s)
  [EVAL] R=0.6055+/-0.3054 SP=0.6055 TC=0.6055 (14317 pairs, 516.2s)
[Ep  26048] R=0.6555 SP=0.6555 TC=0.6555 loss=-0.2023 ent=8.49 go=[16.8 16.6 12.9] ge=[1.8 1.7 1.1] (2.2s)
[Ep  26368] R=0.6114 SP=0.6114 TC=0.6114 loss=-0.1833 ent=8.49 go=[17.  16.2 13.7] ge=[1.7 1.9 1.3] (2.0s)
[Ep  26688] R=0.6475 SP=0.6475 TC=0.6475 loss=-0.2037 ent=8.49 go=[16.8 15.8 13. ] ge=[2.  1.8 1.5] (2.0s)
[Ep  27008] R=0.6192 SP=0.6192 TC=0.6192 loss=-0.0477 ent=8.49 go=[16.8 15.6 11.3] ge=[1.5 2.  1.2] (2.0s)
[Ep  27328] R=0.6949 SP=0.6949 TC=0.6949 loss=0.0500 ent=8.49 go=[16.5 16.7 13.4] ge=[1.8 2.  1.6] (1.5s)
[Ep  27648] R=0.6246 SP=0.6246 TC=0.6246 loss=-0.4037 ent=8.49 go=[17.4 16.3 14. ] ge=[1.7 1.8 1.5] (2.0s)
[Ep  27968] R=0.6970 SP=0.6970 TC=0.6970 loss=0.2205 ent=8.49 go=[16.4 15.5 12.8] ge=[2.1 1.8 1.3] (2.2s)
  [EVAL] R=0.6081+/-0.3033 SP=0.6081 TC=0.6081 (14317 pairs, 486.4s)
[Ep  28288] R=0.6194 SP=0.6194 TC=0.6194 loss=-0.1650 ent=8.49 go=[15.9 15.4 11.7] ge=[1.6 1.9 1.6] (1.9s)
[Ep  28608] R=0.7412 SP=0.7412 TC=0.7412 loss=0.0467 ent=8.50 go=[15.9 15.9 12.5] ge=[1.4 2.  1.6] (1.9s)
[Ep  28928] R=0.6466 SP=0.6466 TC=0.6466 loss=-0.3123 ent=8.50 go=[16.1 16.6 13.1] ge=[1.5 2.  1.4] (1.7s)
[Ep  29248] R=0.6144 SP=0.6144 TC=0.6144 loss=-0.0888 ent=8.50 go=[16.1 15.8 13.2] ge=[1.7 2.4 1.7] (1.6s)
[Ep  29568] R=0.6694 SP=0.6694 TC=0.6694 loss=0.1244 ent=8.49 go=[16.5 16.3 13.5] ge=[1.8 2.3 1.7] (2.0s)
[Ep  29888] R=0.6683 SP=0.6683 TC=0.6683 loss=0.3374 ent=8.49 go=[16.3 16.3 12.7] ge=[2.  2.4 1.4] (1.9s)
  [EVAL] R=0.6060+/-0.3060 SP=0.6060 TC=0.6060 (14317 pairs, 383.4s)
[Ep  30208] R=0.7024 SP=0.7024 TC=0.7024 loss=-0.2968 ent=8.49 go=[17.2 16.5 13.3] ge=[1.8 2.2 1.5] (2.1s)
[Ep  30528] R=0.6990 SP=0.6990 TC=0.6990 loss=0.0288 ent=8.49 go=[17. 17. 13.] ge=[1.6 2.2 1.3] (1.9s)
[Ep  30848] R=0.6465 SP=0.6465 TC=0.6465 loss=0.2907 ent=8.49 go=[16.3 16.7 13.4] ge=[1.9 2.2 1.7] (2.2s)
[Ep  31168] R=0.6553 SP=0.6553 TC=0.6553 loss=-0.3832 ent=8.49 go=[16.2 16.1 11.2] ge=[1.5 2.1 1.4] (1.6s)
[Ep  31488] R=0.6885 SP=0.6885 TC=0.6885 loss=-0.1162 ent=8.49 go=[16.4 15.5 13.9] ge=[1.7 2.5 1.7] (2.1s)
[Ep  31808] R=0.6979 SP=0.6979 TC=0.6979 loss=-0.3009 ent=8.49 go=[16.8 15.2 13.5] ge=[1.8 2.1 1.7] (2.1s)
  [EVAL] R=0.6053+/-0.3061 SP=0.6053 TC=0.6053 (14317 pairs, 510.2s)
[Ep  32128] R=0.5906 SP=0.5906 TC=0.5906 loss=-0.9454 ent=8.49 go=[16.9 16.3 13.6] ge=[1.6 1.9 1.6] (1.7s)
[Ep  32448] R=0.6554 SP=0.6554 TC=0.6554 loss=-0.2518 ent=8.49 go=[17.4 15.2 12.8] ge=[2.  2.3 1.8] (2.3s)
[Ep  32768] R=0.7214 SP=0.7214 TC=0.7214 loss=0.0886 ent=8.49 go=[16.9 16.1 13.6] ge=[1.8 2.  1.8] (2.0s)
[Ep  33088] R=0.5951 SP=0.5951 TC=0.5951 loss=0.1154 ent=8.49 go=[16.6 15.5 14.2] ge=[1.9 2.1 1.8] (1.6s)
[Ep  33408] R=0.6048 SP=0.6048 TC=0.6048 loss=0.1760 ent=8.49 go=[17.6 15.  14. ] ge=[1.6 2.1 1.8] (2.1s)
[Ep  33728] R=0.6904 SP=0.6904 TC=0.6904 loss=-0.5433 ent=8.49 go=[16.1 16.8 15.4] ge=[1.8 2.2 1.9] (1.8s)
  [EVAL] R=0.6071+/-0.3043 SP=0.6071 TC=0.6071 (14317 pairs, 495.2s)
[Ep  34048] R=0.6795 SP=0.6795 TC=0.6795 loss=-0.1098 ent=8.49 go=[16.4 16.7 12.9] ge=[1.8 2.  1.8] (1.7s)
[Ep  34368] R=0.6542 SP=0.6542 TC=0.6542 loss=-0.1824 ent=8.49 go=[16.6 15.2 12.8] ge=[1.8 1.9 1.5] (1.6s)
[Ep  34688] R=0.6742 SP=0.6742 TC=0.6742 loss=-0.2575 ent=8.48 go=[15.9 16.3 13.5] ge=[1.7 1.8 1.6] (2.1s)
[Ep  35008] R=0.6614 SP=0.6614 TC=0.6614 loss=0.1028 ent=8.48 go=[17.2 15.3 14.1] ge=[1.7 1.9 1.7] (2.1s)
[Ep  35328] R=0.6984 SP=0.6984 TC=0.6984 loss=-0.0214 ent=8.49 go=[17.1 16.7 13.9] ge=[1.6 2.2 1.5] (2.3s)
[Ep  35648] R=0.6008 SP=0.6008 TC=0.6008 loss=-0.0133 ent=8.48 go=[17.5 17.2 13.4] ge=[1.7 1.7 1.8] (2.0s)
[Ep  35968] R=0.6064 SP=0.6064 TC=0.6064 loss=-0.2168 ent=8.48 go=[16.8 16.2 15.5] ge=[2.  1.7 1.9] (1.8s)
  [EVAL] R=0.6073+/-0.3022 SP=0.6073 TC=0.6073 (14317 pairs, 516.5s)
[Ep  36288] R=0.7551 SP=0.7551 TC=0.7551 loss=-0.1807 ent=8.48 go=[17.1 16.7 12.7] ge=[1.7 1.9 1.9] (1.7s)
[Ep  36608] R=0.6086 SP=0.6086 TC=0.6086 loss=-0.0229 ent=8.48 go=[17.  16.5 14.3] ge=[1.5 2.  1.7] (2.1s)
[Ep  36928] R=0.7777 SP=0.7777 TC=0.7777 loss=0.3636 ent=8.48 go=[16.8 16.1 14.6] ge=[1.8 1.8 1.8] (1.6s)
[Ep  37248] R=0.5367 SP=0.5367 TC=0.5367 loss=-0.1147 ent=8.48 go=[16.9 15.1 13.9] ge=[2.  2.2 2. ] (1.7s)
[Ep  37568] R=0.6394 SP=0.6394 TC=0.6394 loss=-0.3149 ent=8.48 go=[16.2 16.6 14.3] ge=[1.5 1.9 1.8] (2.3s)
[Ep  37888] R=0.7172 SP=0.7172 TC=0.7172 loss=-0.3038 ent=8.49 go=[16.6 16.3 14.7] ge=[1.7 2.1 1.8] (1.8s)
  [EVAL] R=0.6079+/-0.3012 SP=0.6079 TC=0.6079 (14317 pairs, 496.8s)
[Ep  38208] R=0.6953 SP=0.6953 TC=0.6953 loss=-0.1274 ent=8.49 go=[16.  15.8 14. ] ge=[1.7 1.5 1.7] (2.2s)
[Ep  38528] R=0.6895 SP=0.6895 TC=0.6895 loss=-0.1798 ent=8.49 go=[16.2 14.9 14.1] ge=[1.8 1.8 1.7] (2.2s)
[Ep  38848] R=0.6415 SP=0.6415 TC=0.6415 loss=0.0439 ent=8.49 go=[15.4 16.2 14.3] ge=[2.1 1.6 1.9] (1.8s)
[Ep  39168] R=0.5039 SP=0.5039 TC=0.5039 loss=-0.2197 ent=8.49 go=[15.7 15.9 13.9] ge=[1.8 1.7 2.1] (1.8s)
[Ep  39488] R=0.6537 SP=0.6537 TC=0.6537 loss=0.4687 ent=8.49 go=[16.1 15.5 14.4] ge=[2.  1.5 1.9] (1.9s)
[Ep  39808] R=0.7480 SP=0.7480 TC=0.7480 loss=-0.0325 ent=8.49 go=[16.5 16.8 14. ] ge=[1.5 1.6 1.6] (1.9s)
  [EVAL] R=0.6069+/-0.3023 SP=0.6069 TC=0.6069 (14317 pairs, 515.2s)
[Ep  40128] R=0.6906 SP=0.6906 TC=0.6906 loss=-0.4054 ent=8.49 go=[17.  16.4 12.5] ge=[1.9 1.5 2.2] (2.0s)
[Ep  40448] R=0.6842 SP=0.6842 TC=0.6842 loss=0.0594 ent=8.49 go=[16.6 14.7 14.7] ge=[1.7 1.5 2. ] (1.9s)
[Ep  40768] R=0.7606 SP=0.7606 TC=0.7606 loss=0.1681 ent=8.49 go=[17.9 16.1 13.1] ge=[1.5 1.3 1.7] (1.5s)
[Ep  41088] R=0.6530 SP=0.6530 TC=0.6530 loss=-0.1793 ent=8.49 go=[17.8 16.6 13.3] ge=[1.8 1.4 1.7] (2.0s)
[Ep  41408] R=0.6738 SP=0.6738 TC=0.6738 loss=0.2257 ent=8.49 go=[17.2 16.4 13.8] ge=[1.9 1.4 1.6] (2.2s)
[Ep  41728] R=0.5955 SP=0.5955 TC=0.5955 loss=-0.1939 ent=8.49 go=[17.4 16.3 15.5] ge=[1.9 1.4 1.9] (2.3s)
  [EVAL] R=0.6056+/-0.3060 SP=0.6056 TC=0.6056 (14317 pairs, 381.3s)
[Ep  42048] R=0.6302 SP=0.6302 TC=0.6302 loss=-0.2112 ent=8.49 go=[17.6 16.4 14.5] ge=[1.8 1.  1.9] (1.6s)
[Ep  42368] R=0.7550 SP=0.7550 TC=0.7550 loss=-0.1761 ent=8.49 go=[18.  16.7 14.6] ge=[2.1 1.3 1.6] (2.3s)
[Ep  42688] R=0.7181 SP=0.7181 TC=0.7181 loss=-0.2893 ent=8.49 go=[17.2 16.9 14. ] ge=[1.7 1.3 1.8] (1.6s)
[Ep  43008] R=0.6214 SP=0.6214 TC=0.6214 loss=-0.2784 ent=8.49 go=[17.6 16.2 14.5] ge=[1.6 1.2 1.9] (1.8s)
[Ep  43328] R=0.5967 SP=0.5967 TC=0.5967 loss=-0.0283 ent=8.49 go=[17.6 16.2 14.4] ge=[1.5 1.1 1.7] (1.3s)
[Ep  43648] R=0.7323 SP=0.7323 TC=0.7323 loss=0.2127 ent=8.48 go=[17.1 17.5 14.1] ge=[1.6 1.4 1.9] (1.9s)
[Ep  43968] R=0.6337 SP=0.6337 TC=0.6337 loss=-0.0838 ent=8.48 go=[17.9 17.2 13.6] ge=[1.9 1.4 1.7] (2.1s)
  [EVAL] R=0.6116+/-0.3011 SP=0.6116 TC=0.6116 (14317 pairs, 485.7s)
[Ep  44288] R=0.5976 SP=0.5976 TC=0.5976 loss=-0.0831 ent=8.48 go=[17.7 16.2 15. ] ge=[1.7 1.4 1.8] (2.7s)
[Ep  44608] R=0.7180 SP=0.7180 TC=0.7180 loss=-0.4621 ent=8.48 go=[17.1 16.7 14.2] ge=[1.9 1.5 2. ] (2.1s)
[Ep  44928] R=0.6976 SP=0.6976 TC=0.6976 loss=0.0550 ent=8.48 go=[15.9 16.5 14.4] ge=[2.2 1.7 1.7] (2.1s)
[Ep  45248] R=0.6538 SP=0.6538 TC=0.6538 loss=-0.2777 ent=8.49 go=[15.8 15.9 14. ] ge=[1.9 1.8 1.7] (1.8s)
[Ep  45568] R=0.7158 SP=0.7158 TC=0.7158 loss=-0.3996 ent=8.49 go=[17.7 16.6 14.8] ge=[2.1 1.6 1.8] (2.0s)
[Ep  45888] R=0.6683 SP=0.6683 TC=0.6683 loss=-0.0475 ent=8.49 go=[17.1 16.2 15.1] ge=[1.4 1.3 2.1] (1.5s)
  [EVAL] R=0.6098+/-0.3005 SP=0.6098 TC=0.6098 (14317 pairs, 391.6s)
[Ep  46208] R=0.7199 SP=0.7199 TC=0.7199 loss=0.2419 ent=8.49 go=[17.6 16.2 14.6] ge=[1.6 1.6 2.1] (1.9s)
[Ep  46528] R=0.6808 SP=0.6808 TC=0.6808 loss=-0.4934 ent=8.49 go=[17.3 16.6 14.9] ge=[1.6 1.6 1.6] (1.8s)
[Ep  46848] R=0.5810 SP=0.5810 TC=0.5810 loss=0.4020 ent=8.49 go=[15.9 16.5 15. ] ge=[1.7 1.4 1.6] (2.1s)
[Ep  47168] R=0.7108 SP=0.7108 TC=0.7108 loss=-0.5026 ent=8.49 go=[17.7 16.4 13.9] ge=[1.5 1.4 1.8] (1.5s)
[Ep  47488] R=0.7353 SP=0.7353 TC=0.7353 loss=-0.3248 ent=8.49 go=[17.3 17.6 14.9] ge=[1.5 1.4 1.6] (2.0s)
[Ep  47808] R=0.6853 SP=0.6853 TC=0.6853 loss=0.3807 ent=8.49 go=[17.  17.6 14.4] ge=[1.5 1.8 1.9] (2.1s)
  [EVAL] R=0.6101+/-0.2995 SP=0.6101 TC=0.6101 (14317 pairs, 502.3s)
[Ep  48128] R=0.6880 SP=0.6880 TC=0.6880 loss=-0.2430 ent=8.49 go=[17.1 17.1 13.6] ge=[1.3 1.7 1.8] (1.7s)
[Ep  48448] R=0.5442 SP=0.5442 TC=0.5442 loss=-0.3649 ent=8.49 go=[17.6 16.7 15.5] ge=[1.3 1.6 1.7] (2.2s)
[Ep  48768] R=0.5913 SP=0.5913 TC=0.5913 loss=-0.2160 ent=8.49 go=[18.  17.9 15.2] ge=[1.5 1.5 1.6] (2.2s)
[Ep  49088] R=0.7125 SP=0.7125 TC=0.7125 loss=-0.7187 ent=8.49 go=[17.6 17.6 15.1] ge=[1.6 1.7 1.5] (2.1s)
[Ep  49408] R=0.7081 SP=0.7081 TC=0.7081 loss=0.1441 ent=8.49 go=[18.1 17.6 15.2] ge=[1.4 1.7 1.7] (1.9s)
[Ep  49728] R=0.6840 SP=0.6840 TC=0.6840 loss=-0.0290 ent=8.49 go=[18.4 17.5 16. ] ge=[1.4 1.4 1.5] (2.2s)
  [EVAL] R=0.6141+/-0.2963 SP=0.6141 TC=0.6141 (14317 pairs, 494.1s)

Training complete. 50016 episodes.
